2026-04-13 19:48:10 +07:00: 
> darsi-nurse@0.1.0 start
> next start -p 3019

2026-04-13 19:48:11 +07:00: 2026-04-13 19:48:11 +07:00: 
> darsi-nurse@0.1.0 start
> next start -p 3019

2026-04-13 19:48:11 +07:00: 2026-04-13 19:48:11 +07:00: 
> darsi-nurse@0.1.0 start
> next start -p 3019

2026-04-13 19:48:12 +07:00: 2026-04-13 19:48:12 +07:00: 
> darsi-nurse@0.1.0 start
> next start -p 3019

2026-04-13 19:48:12 +07:00: 2026-04-13 19:48:12 +07:00: 
> darsi-nurse@0.1.0 start
> next start -p 3019

2026-04-13 19:48:13 +07:00: 2026-04-13 19:48:13 +07:00: 
> darsi-nurse@0.1.0 start
> next start -p 3019

2026-04-13 19:48:13 +07:00: 2026-04-13 19:48:13 +07:00: 
> darsi-nurse@0.1.0 start
> next start -p 3019

2026-04-13 19:48:13 +07:00: 2026-04-13 19:48:14 +07:00: 
> darsi-nurse@0.1.0 start
> next start -p 3019

2026-04-13 19:48:14 +07:00: 2026-04-13 19:48:14 +07:00: 
> darsi-nurse@0.1.0 start
> next start -p 3019

2026-04-13 19:48:14 +07:00: 2026-04-13 19:48:15 +07:00: 
> darsi-nurse@0.1.0 start
> next start -p 3019

2026-04-13 19:48:15 +07:00: 2026-04-13 19:48:35 +07:00: 
> darsi-nurse@0.1.0 start
> next start -p 3019

2026-04-13 19:48:36 +07:00: 2026-04-13 19:48:36 +07:00: 
> darsi-nurse@0.1.0 start
> next start -p 3019

2026-04-13 19:48:36 +07:00: 2026-04-13 19:48:36 +07:00: 
> darsi-nurse@0.1.0 start
> next start -p 3019

2026-04-13 19:48:37 +07:00: 2026-04-13 19:48:37 +07:00: 
> darsi-nurse@0.1.0 start
> next start -p 3019

2026-04-13 19:48:37 +07:00: 2026-04-13 19:48:37 +07:00: 
> darsi-nurse@0.1.0 start
> next start -p 3019

2026-04-13 19:48:38 +07:00: 2026-04-13 19:48:38 +07:00: 
> darsi-nurse@0.1.0 start
> next start -p 3019

2026-04-13 19:48:38 +07:00: 2026-04-13 19:48:38 +07:00: 
> darsi-nurse@0.1.0 start
> next start -p 3019

2026-04-13 19:48:39 +07:00: 2026-04-13 19:48:39 +07:00: 
> darsi-nurse@0.1.0 start
> next start -p 3019

2026-04-13 19:48:39 +07:00: 2026-04-13 19:48:39 +07:00: 
> darsi-nurse@0.1.0 start
> next start -p 3019

2026-04-13 19:48:40 +07:00: 2026-04-13 19:48:40 +07:00: 
> darsi-nurse@0.1.0 start
> next start -p 3019

2026-04-13 19:48:40 +07:00: 2026-04-13 19:49:29 +07:00: 
> darsi-nurse@0.1.0 start
> next start -p 3019

2026-04-13 19:49:30 +07:00: 2026-04-13 19:49:30 +07:00: 
> darsi-nurse@0.1.0 start
> next start -p 3019

2026-04-13 19:49:30 +07:00: 2026-04-13 19:49:30 +07:00: 
> darsi-nurse@0.1.0 start
> next start -p 3019

2026-04-13 19:49:31 +07:00: 2026-04-13 19:49:31 +07:00: 
> darsi-nurse@0.1.0 start
> next start -p 3019

2026-04-13 19:49:31 +07:00: 2026-04-13 19:49:31 +07:00: 
> darsi-nurse@0.1.0 start
> next start -p 3019

2026-04-13 19:49:32 +07:00: 2026-04-13 19:49:32 +07:00: 
> darsi-nurse@0.1.0 start
> next start -p 3019

2026-04-13 19:49:32 +07:00: 2026-04-13 19:49:32 +07:00: 
> darsi-nurse@0.1.0 start
> next start -p 3019

2026-04-13 19:49:33 +07:00: 2026-04-13 19:49:33 +07:00: 
> darsi-nurse@0.1.0 start
> next start -p 3019

2026-04-13 19:49:33 +07:00: 2026-04-13 19:49:33 +07:00: 
> darsi-nurse@0.1.0 start
> next start -p 3019

2026-04-13 19:49:34 +07:00: 2026-04-13 19:49:34 +07:00: 
> darsi-nurse@0.1.0 start
> next start -p 3019

2026-04-13 19:49:34 +07:00: 2026-04-14 13:28:19 +07:00: 
> darsi-nurse@0.1.0 start
> next start -p 3019

2026-04-14 13:28:19 +07:00: 2026-04-14 13:28:19 +07:00: 
> darsi-nurse@0.1.0 start
> next start -p 3019

2026-04-14 13:28:20 +07:00: 2026-04-14 13:28:20 +07:00: 
> darsi-nurse@0.1.0 start
> next start -p 3019

2026-04-14 13:28:20 +07:00: 2026-04-14 13:28:20 +07:00: 
> darsi-nurse@0.1.0 start
> next start -p 3019

2026-04-14 13:28:21 +07:00: 2026-04-14 13:28:21 +07:00: 
> darsi-nurse@0.1.0 start
> next start -p 3019

2026-04-14 13:28:21 +07:00: 2026-04-14 13:28:21 +07:00: 
> darsi-nurse@0.1.0 start
> next start -p 3019

2026-04-14 13:28:21 +07:00: 2026-04-14 13:28:22 +07:00: 
> darsi-nurse@0.1.0 start
> next start -p 3019

2026-04-14 13:28:22 +07:00: 2026-04-14 13:28:22 +07:00: 
> darsi-nurse@0.1.0 start
> next start -p 3019

2026-04-14 13:28:22 +07:00: 2026-04-14 13:28:23 +07:00: 
> darsi-nurse@0.1.0 start
> next start -p 3019

2026-04-14 13:28:23 +07:00: 2026-04-14 13:28:23 +07:00: 
> darsi-nurse@0.1.0 start
> next start -p 3019

2026-04-14 13:28:23 +07:00: 2026-04-14 13:28:45 +07:00: 
> darsi-nurse@0.1.0 start
> next start -p 3019

2026-04-14 13:28:45 +07:00: 2026-04-14 13:28:45 +07:00: 
> darsi-nurse@0.1.0 start
> next start -p 3019

2026-04-14 13:28:46 +07:00: 2026-04-14 13:28:46 +07:00: 
> darsi-nurse@0.1.0 start
> next start -p 3019

2026-04-14 13:28:46 +07:00: 2026-04-14 13:28:46 +07:00: 
> darsi-nurse@0.1.0 start
> next start -p 3019

2026-04-14 13:28:47 +07:00: 2026-04-14 13:28:47 +07:00: 
> darsi-nurse@0.1.0 start
> next start -p 3019

2026-04-14 13:28:47 +07:00: 2026-04-14 13:28:47 +07:00: 
> darsi-nurse@0.1.0 start
> next start -p 3019

2026-04-14 13:28:48 +07:00: 2026-04-14 13:28:48 +07:00: 
> darsi-nurse@0.1.0 start
> next start -p 3019

2026-04-14 13:28:48 +07:00: 2026-04-14 13:28:48 +07:00: 
> darsi-nurse@0.1.0 start
> next start -p 3019

2026-04-14 13:28:49 +07:00: 2026-04-14 13:28:49 +07:00: 
> darsi-nurse@0.1.0 start
> next start -p 3019

2026-04-14 13:28:49 +07:00: 2026-04-14 13:28:49 +07:00: 
> darsi-nurse@0.1.0 start
> next start -p 3019

2026-04-14 13:28:49 +07:00: 2026-05-26 11:15:21 +07:00: 
2026-05-26 11:15:21 +07:00: > darsi-nurse@0.1.0 dev
2026-05-26 11:15:21 +07:00: > next dev -p 3019 -p 6767 -H 10.9.23.025
2026-05-26 11:15:21 +07:00: 
2026-05-26 11:15:21 +07:00: [?25h
2026-05-26 11:15:21 +07:00: 
2026-05-26 11:15:21 +07:00: 
2026-05-26 11:15:21 +07:00: > darsi-nurse@0.1.0 dev
2026-05-26 11:15:21 +07:00: > next dev -p 3019 -p 6767 -H 10.9.23.025
2026-05-26 11:15:21 +07:00: 
2026-05-26 11:15:22 +07:00: [?25h
2026-05-26 11:15:22 +07:00: 
2026-05-26 11:15:22 +07:00: 
2026-05-26 11:15:22 +07:00: > darsi-nurse@0.1.0 dev
2026-05-26 11:15:22 +07:00: > next dev -p 3019 -p 6767 -H 10.9.23.025
2026-05-26 11:15:22 +07:00: 
2026-05-26 11:15:23 +07:00: [?25h
2026-05-26 11:15:23 +07:00: 
2026-05-26 11:15:23 +07:00: 
2026-05-26 11:15:23 +07:00: > darsi-nurse@0.1.0 dev
2026-05-26 11:15:23 +07:00: > next dev -p 3019 -p 6767 -H 10.9.23.025
2026-05-26 11:15:23 +07:00: 
2026-05-26 11:15:23 +07:00: [?25h
2026-05-26 11:15:23 +07:00: 
2026-05-26 11:15:24 +07:00: 
2026-05-26 11:15:24 +07:00: > darsi-nurse@0.1.0 dev
2026-05-26 11:15:24 +07:00: > next dev -p 3019 -p 6767 -H 10.9.23.025
2026-05-26 11:15:24 +07:00: 
2026-05-26 11:15:24 +07:00: [?25h
2026-05-26 11:15:24 +07:00: 
2026-05-26 11:15:24 +07:00: 
2026-05-26 11:15:24 +07:00: > darsi-nurse@0.1.0 dev
2026-05-26 11:15:24 +07:00: > next dev -p 3019 -p 6767 -H 10.9.23.025
2026-05-26 11:15:24 +07:00: 
2026-05-26 11:15:25 +07:00: [?25h
2026-05-26 11:15:25 +07:00: 
2026-05-26 11:15:25 +07:00: 
2026-05-26 11:15:25 +07:00: > darsi-nurse@0.1.0 dev
2026-05-26 11:15:25 +07:00: > next dev -p 3019 -p 6767 -H 10.9.23.025
2026-05-26 11:15:25 +07:00: 
2026-05-26 11:15:26 +07:00: [?25h
2026-05-26 11:15:26 +07:00: 
2026-05-26 11:15:26 +07:00: 
2026-05-26 11:15:26 +07:00: > darsi-nurse@0.1.0 dev
2026-05-26 11:15:26 +07:00: > next dev -p 3019 -p 6767 -H 10.9.23.025
2026-05-26 11:15:26 +07:00: 
2026-05-26 11:15:27 +07:00: [?25h
2026-05-26 11:15:27 +07:00: 
2026-05-26 11:15:27 +07:00: 
2026-05-26 11:15:27 +07:00: > darsi-nurse@0.1.0 dev
2026-05-26 11:15:27 +07:00: > next dev -p 3019 -p 6767 -H 10.9.23.025
2026-05-26 11:15:27 +07:00: 
2026-05-26 11:15:27 +07:00: [?25h
2026-05-26 11:15:27 +07:00: 
2026-05-26 11:15:28 +07:00: 
2026-05-26 11:15:28 +07:00: > darsi-nurse@0.1.0 dev
2026-05-26 11:15:28 +07:00: > next dev -p 3019 -p 6767 -H 10.9.23.025
2026-05-26 11:15:28 +07:00: 
2026-05-26 11:15:28 +07:00: [?25h
2026-05-26 11:15:28 +07:00: 
2026-05-26 11:15:48 +07:00: 
2026-05-26 11:15:48 +07:00: > darsi-nurse@0.1.0 dev
2026-05-26 11:15:48 +07:00: > next dev -p 3019 -p 6767 -H 10.9.23.025
2026-05-26 11:15:48 +07:00: 
2026-05-26 11:15:49 +07:00: [?25h
2026-05-26 11:15:49 +07:00: 
2026-05-26 11:15:49 +07:00: 
2026-05-26 11:15:49 +07:00: > darsi-nurse@0.1.0 dev
2026-05-26 11:15:49 +07:00: > next dev -p 3019 -p 6767 -H 10.9.23.025
2026-05-26 11:15:49 +07:00: 
2026-05-26 11:15:50 +07:00: [?25h
2026-05-26 11:15:50 +07:00: 
2026-05-26 11:15:50 +07:00: 
2026-05-26 11:15:50 +07:00: > darsi-nurse@0.1.0 dev
2026-05-26 11:15:50 +07:00: > next dev -p 3019 -p 6767 -H 10.9.23.025
2026-05-26 11:15:50 +07:00: 
2026-05-26 11:15:50 +07:00: [?25h
2026-05-26 11:15:50 +07:00: 
2026-05-26 11:15:51 +07:00: 
2026-05-26 11:15:51 +07:00: > darsi-nurse@0.1.0 dev
2026-05-26 11:15:51 +07:00: > next dev -p 3019 -p 6767 -H 10.9.23.025
2026-05-26 11:15:51 +07:00: 
2026-05-26 11:15:51 +07:00: [?25h
2026-05-26 11:15:51 +07:00: 
2026-05-26 11:15:51 +07:00: 
2026-05-26 11:15:51 +07:00: > darsi-nurse@0.1.0 dev
2026-05-26 11:15:51 +07:00: > next dev -p 3019 -p 6767 -H 10.9.23.025
2026-05-26 11:15:51 +07:00: 
2026-05-26 11:15:52 +07:00: [?25h
2026-05-26 11:15:52 +07:00: 
2026-05-26 11:15:52 +07:00: 
2026-05-26 11:15:52 +07:00: > darsi-nurse@0.1.0 dev
2026-05-26 11:15:52 +07:00: > next dev -p 3019 -p 6767 -H 10.9.23.025
2026-05-26 11:15:52 +07:00: 
2026-05-26 11:15:53 +07:00: [?25h
2026-05-26 11:15:53 +07:00: 
2026-05-26 11:15:53 +07:00: 
2026-05-26 11:15:53 +07:00: > darsi-nurse@0.1.0 dev
2026-05-26 11:15:53 +07:00: > next dev -p 3019 -p 6767 -H 10.9.23.025
2026-05-26 11:15:53 +07:00: 
2026-05-26 11:15:54 +07:00: [?25h
2026-05-26 11:15:54 +07:00: 
2026-05-26 11:15:54 +07:00: 
2026-05-26 11:15:54 +07:00: > darsi-nurse@0.1.0 dev
2026-05-26 11:15:54 +07:00: > next dev -p 3019 -p 6767 -H 10.9.23.025
2026-05-26 11:15:54 +07:00: 
2026-05-26 11:15:54 +07:00: [?25h
2026-05-26 11:15:54 +07:00: 
2026-05-26 11:15:55 +07:00: 
2026-05-26 11:15:55 +07:00: > darsi-nurse@0.1.0 dev
2026-05-26 11:15:55 +07:00: > next dev -p 3019 -p 6767 -H 10.9.23.025
2026-05-26 11:15:55 +07:00: 
2026-05-26 11:15:55 +07:00: [?25h
2026-05-26 11:15:55 +07:00: 
2026-05-26 11:15:55 +07:00: 
2026-05-26 11:15:55 +07:00: > darsi-nurse@0.1.0 dev
2026-05-26 11:15:55 +07:00: > next dev -p 3019 -p 6767 -H 10.9.23.025
2026-05-26 11:15:55 +07:00: 
2026-05-26 11:15:56 +07:00: [?25h
2026-05-26 11:15:56 +07:00: 
2026-05-26 11:17:35 +07:00: 
2026-05-26 11:17:35 +07:00: > darsi-nurse@0.1.0 dev
2026-05-26 11:17:35 +07:00: > next dev -p 3019 -p 6767 -H 10.9.23.025
2026-05-26 11:17:35 +07:00: 
2026-05-26 11:17:35 +07:00: [?25h
2026-05-26 11:17:35 +07:00: 
2026-05-26 11:17:35 +07:00: 
2026-05-26 11:17:35 +07:00: > darsi-nurse@0.1.0 dev
2026-05-26 11:17:35 +07:00: > next dev -p 3019 -p 6767 -H 10.9.23.025
2026-05-26 11:17:35 +07:00: 
2026-05-26 11:17:36 +07:00: [?25h
2026-05-26 11:17:36 +07:00: 
2026-05-26 11:17:36 +07:00: 
2026-05-26 11:17:36 +07:00: > darsi-nurse@0.1.0 dev
2026-05-26 11:17:36 +07:00: > next dev -p 3019 -p 6767 -H 10.9.23.025
2026-05-26 11:17:36 +07:00: 
2026-05-26 11:17:37 +07:00: [?25h
2026-05-26 11:17:37 +07:00: 
2026-05-26 11:17:37 +07:00: 
2026-05-26 11:17:37 +07:00: > darsi-nurse@0.1.0 dev
2026-05-26 11:17:37 +07:00: > next dev -p 3019 -p 6767 -H 10.9.23.025
2026-05-26 11:17:37 +07:00: 
2026-05-26 11:17:38 +07:00: [?25h
2026-05-26 11:17:38 +07:00: 
2026-05-26 11:17:38 +07:00: 
2026-05-26 11:17:38 +07:00: > darsi-nurse@0.1.0 dev
2026-05-26 11:17:38 +07:00: > next dev -p 3019 -p 6767 -H 10.9.23.025
2026-05-26 11:17:38 +07:00: 
2026-05-26 11:17:38 +07:00: [?25h
2026-05-26 11:17:38 +07:00: 
2026-05-26 11:17:39 +07:00: 
2026-05-26 11:17:39 +07:00: > darsi-nurse@0.1.0 dev
2026-05-26 11:17:39 +07:00: > next dev -p 3019 -p 6767 -H 10.9.23.025
2026-05-26 11:17:39 +07:00: 
2026-05-26 11:17:39 +07:00: [?25h
2026-05-26 11:17:39 +07:00: 
2026-05-26 11:17:39 +07:00: 
2026-05-26 11:17:39 +07:00: > darsi-nurse@0.1.0 dev
2026-05-26 11:17:39 +07:00: > next dev -p 3019 -p 6767 -H 10.9.23.025
2026-05-26 11:17:39 +07:00: 
2026-05-26 11:17:40 +07:00: [?25h
2026-05-26 11:17:40 +07:00: 
2026-05-26 11:17:40 +07:00: 
2026-05-26 11:17:40 +07:00: > darsi-nurse@0.1.0 dev
2026-05-26 11:17:40 +07:00: > next dev -p 3019 -p 6767 -H 10.9.23.025
2026-05-26 11:17:40 +07:00: 
2026-05-26 11:17:41 +07:00: [?25h
2026-05-26 11:17:41 +07:00: 
2026-05-26 11:17:41 +07:00: 
2026-05-26 11:17:41 +07:00: > darsi-nurse@0.1.0 dev
2026-05-26 11:17:41 +07:00: > next dev -p 3019 -p 6767 -H 10.9.23.025
2026-05-26 11:17:41 +07:00: 
2026-05-26 11:17:42 +07:00: [?25h
2026-05-26 11:17:42 +07:00: 
2026-05-26 11:17:42 +07:00: 
2026-05-26 11:17:42 +07:00: > darsi-nurse@0.1.0 dev
2026-05-26 11:17:42 +07:00: > next dev -p 3019 -p 6767 -H 10.9.23.025
2026-05-26 11:17:42 +07:00: 
2026-05-26 11:17:42 +07:00: [?25h
2026-05-26 11:17:42 +07:00: 
2026-05-26 11:17:55 +07:00: 
2026-05-26 11:17:55 +07:00: > darsi-nurse@0.1.0 dev
2026-05-26 11:17:55 +07:00: > next dev -p 3019 -p 6767 -H 10.9.23.025
2026-05-26 11:17:55 +07:00: 
2026-05-26 11:17:56 +07:00: [?25h
2026-05-26 11:17:56 +07:00: 
2026-05-26 11:17:56 +07:00: 
2026-05-26 11:17:56 +07:00: > darsi-nurse@0.1.0 dev
2026-05-26 11:17:56 +07:00: > next dev -p 3019 -p 6767 -H 10.9.23.025
2026-05-26 11:17:56 +07:00: 
2026-05-26 11:17:56 +07:00: [?25h
2026-05-26 11:17:56 +07:00: 
2026-05-26 11:17:57 +07:00: 
2026-05-26 11:17:57 +07:00: > darsi-nurse@0.1.0 dev
2026-05-26 11:17:57 +07:00: > next dev -p 3019 -p 6767 -H 10.9.23.025
2026-05-26 11:17:57 +07:00: 
2026-05-26 11:17:57 +07:00: [?25h
2026-05-26 11:17:57 +07:00: 
2026-05-26 11:17:57 +07:00: 
2026-05-26 11:17:57 +07:00: > darsi-nurse@0.1.0 dev
2026-05-26 11:17:57 +07:00: > next dev -p 3019 -p 6767 -H 10.9.23.025
2026-05-26 11:17:57 +07:00: 
2026-05-26 11:17:58 +07:00: [?25h
2026-05-26 11:17:58 +07:00: 
2026-05-26 11:17:58 +07:00: 
2026-05-26 11:17:58 +07:00: > darsi-nurse@0.1.0 dev
2026-05-26 11:17:58 +07:00: > next dev -p 3019 -p 6767 -H 10.9.23.025
2026-05-26 11:17:58 +07:00: 
2026-05-26 11:17:59 +07:00: [?25h
2026-05-26 11:17:59 +07:00: 
2026-05-26 11:17:59 +07:00: 
2026-05-26 11:17:59 +07:00: > darsi-nurse@0.1.0 dev
2026-05-26 11:17:59 +07:00: > next dev -p 3019 -p 6767 -H 10.9.23.025
2026-05-26 11:17:59 +07:00: 
2026-05-26 11:18:00 +07:00: [?25h
2026-05-26 11:18:00 +07:00: 
2026-05-26 11:18:00 +07:00: 
2026-05-26 11:18:00 +07:00: > darsi-nurse@0.1.0 dev
2026-05-26 11:18:00 +07:00: > next dev -p 3019 -p 6767 -H 10.9.23.025
2026-05-26 11:18:00 +07:00: 
2026-05-26 11:18:00 +07:00: [?25h
2026-05-26 11:18:00 +07:00: 
2026-05-26 11:18:01 +07:00: 
2026-05-26 11:18:01 +07:00: > darsi-nurse@0.1.0 dev
2026-05-26 11:18:01 +07:00: > next dev -p 3019 -p 6767 -H 10.9.23.025
2026-05-26 11:18:01 +07:00: 
2026-05-26 11:18:01 +07:00: [?25h
2026-05-26 11:18:01 +07:00: 
2026-05-26 11:18:01 +07:00: 
2026-05-26 11:18:01 +07:00: > darsi-nurse@0.1.0 dev
2026-05-26 11:18:01 +07:00: > next dev -p 3019 -p 6767 -H 10.9.23.025
2026-05-26 11:18:01 +07:00: 
2026-05-26 11:18:02 +07:00: [?25h
2026-05-26 11:18:02 +07:00: 
2026-05-26 11:18:02 +07:00: 
2026-05-26 11:18:02 +07:00: > darsi-nurse@0.1.0 dev
2026-05-26 11:18:02 +07:00: > next dev -p 3019 -p 6767 -H 10.9.23.025
2026-05-26 11:18:02 +07:00: 
2026-05-26 11:18:03 +07:00: [?25h
2026-05-26 11:18:03 +07:00: 
2026-05-26 11:19:48 +07:00: 
2026-05-26 11:19:48 +07:00: > darsi-nurse@0.1.0 dev
2026-05-26 11:19:48 +07:00: > next dev -p 6767 -H 10.9.23.025
2026-05-26 11:19:48 +07:00: 
2026-05-26 11:19:48 +07:00: [?25h
2026-05-26 11:19:48 +07:00: 
2026-05-26 11:19:49 +07:00: 
2026-05-26 11:19:49 +07:00: > darsi-nurse@0.1.0 dev
2026-05-26 11:19:49 +07:00: > next dev -p 6767 -H 10.9.23.025
2026-05-26 11:19:49 +07:00: 
2026-05-26 11:19:49 +07:00: [?25h
2026-05-26 11:19:49 +07:00: 
2026-05-26 11:19:49 +07:00: 
2026-05-26 11:19:49 +07:00: > darsi-nurse@0.1.0 dev
2026-05-26 11:19:49 +07:00: > next dev -p 6767 -H 10.9.23.025
2026-05-26 11:19:49 +07:00: 
2026-05-26 11:19:50 +07:00: [?25h
2026-05-26 11:19:50 +07:00: 
2026-05-26 11:19:50 +07:00: 
2026-05-26 11:19:50 +07:00: > darsi-nurse@0.1.0 dev
2026-05-26 11:19:50 +07:00: > next dev -p 6767 -H 10.9.23.025
2026-05-26 11:19:50 +07:00: 
2026-05-26 11:19:51 +07:00: [?25h
2026-05-26 11:19:51 +07:00: 
2026-05-26 11:19:51 +07:00: 
2026-05-26 11:19:51 +07:00: > darsi-nurse@0.1.0 dev
2026-05-26 11:19:51 +07:00: > next dev -p 6767 -H 10.9.23.025
2026-05-26 11:19:51 +07:00: 
2026-05-26 11:19:51 +07:00: [?25h
2026-05-26 11:19:51 +07:00: 
2026-05-26 11:19:52 +07:00: 
2026-05-26 11:19:52 +07:00: > darsi-nurse@0.1.0 dev
2026-05-26 11:19:52 +07:00: > next dev -p 6767 -H 10.9.23.025
2026-05-26 11:19:52 +07:00: 
2026-05-26 11:19:52 +07:00: [?25h
2026-05-26 11:19:52 +07:00: 
2026-05-26 11:19:53 +07:00: 
2026-05-26 11:19:53 +07:00: > darsi-nurse@0.1.0 dev
2026-05-26 11:19:53 +07:00: > next dev -p 6767 -H 10.9.23.025
2026-05-26 11:19:53 +07:00: 
2026-05-26 11:19:53 +07:00: [?25h
2026-05-26 11:19:53 +07:00: 
2026-05-26 11:19:53 +07:00: 
2026-05-26 11:19:53 +07:00: > darsi-nurse@0.1.0 dev
2026-05-26 11:19:53 +07:00: > next dev -p 6767 -H 10.9.23.025
2026-05-26 11:19:53 +07:00: 
2026-05-26 11:19:54 +07:00: [?25h
2026-05-26 11:19:54 +07:00: 
2026-05-26 11:19:54 +07:00: 
2026-05-26 11:19:54 +07:00: > darsi-nurse@0.1.0 dev
2026-05-26 11:19:54 +07:00: > next dev -p 6767 -H 10.9.23.025
2026-05-26 11:19:54 +07:00: 
2026-05-26 11:19:55 +07:00: [?25h
2026-05-26 11:19:55 +07:00: 
2026-05-26 11:19:55 +07:00: 
2026-05-26 11:19:55 +07:00: > darsi-nurse@0.1.0 dev
2026-05-26 11:19:55 +07:00: > next dev -p 6767 -H 10.9.23.025
2026-05-26 11:19:55 +07:00: 
2026-05-26 11:19:56 +07:00: [?25h
2026-05-26 11:19:56 +07:00: 
2026-05-26 11:26:25 +07:00: 
2026-05-26 11:26:25 +07:00: > darsi-nurse@0.1.0 dev
2026-05-26 11:26:25 +07:00: > next dev -p 6767 -H 0.0.0.0
2026-05-26 11:26:25 +07:00: 
2026-05-26 11:26:26 +07:00: ▲ Next.js 16.2.3 (Turbopack)
2026-05-26 11:26:26 +07:00: - Local:         http://localhost:6767
2026-05-26 11:26:26 +07:00: - Network:       http://0.0.0.0:6767
2026-05-26 11:26:26 +07:00: - Environments: .env
2026-05-26 11:26:26 +07:00: ✓ Ready in 453ms
2026-05-26 11:26:27 +07:00: [?25h
2026-05-26 11:26:27 +07:00: 
2026-05-26 11:26:27 +07:00: 
2026-05-26 11:26:27 +07:00: > darsi-nurse@0.1.0 dev
2026-05-26 11:26:27 +07:00: > next dev -p 6767 -H 0.0.0.0
2026-05-26 11:26:27 +07:00: 
2026-05-26 11:26:28 +07:00: ▲ Next.js 16.2.3 (Turbopack)
2026-05-26 11:26:28 +07:00: - Local:         http://localhost:6767
2026-05-26 11:26:28 +07:00: - Network:       http://0.0.0.0:6767
2026-05-26 11:26:28 +07:00: - Environments: .env
2026-05-26 11:26:28 +07:00: ✓ Ready in 443ms
2026-05-26 11:26:29 +07:00: [?25h
2026-05-26 11:26:29 +07:00: 
2026-05-26 11:26:29 +07:00: 
2026-05-26 11:26:29 +07:00: > darsi-nurse@0.1.0 dev
2026-05-26 11:26:29 +07:00: > next dev -p 6767 -H 0.0.0.0
2026-05-26 11:26:29 +07:00: 
2026-05-26 11:26:30 +07:00: ▲ Next.js 16.2.3 (Turbopack)
2026-05-26 11:26:30 +07:00: - Local:         http://localhost:6767
2026-05-26 11:26:30 +07:00: - Network:       http://0.0.0.0:6767
2026-05-26 11:26:30 +07:00: - Environments: .env
2026-05-26 11:26:30 +07:00: ✓ Ready in 422ms
2026-05-26 11:26:31 +07:00: [?25h
2026-05-26 11:26:31 +07:00: 
2026-05-26 11:26:31 +07:00: 
2026-05-26 11:26:31 +07:00: > darsi-nurse@0.1.0 dev
2026-05-26 11:26:31 +07:00: > next dev -p 6767 -H 0.0.0.0
2026-05-26 11:26:31 +07:00: 
2026-05-26 11:26:32 +07:00: ▲ Next.js 16.2.3 (Turbopack)
2026-05-26 11:26:32 +07:00: - Local:         http://localhost:6767
2026-05-26 11:26:32 +07:00: - Network:       http://0.0.0.0:6767
2026-05-26 11:26:32 +07:00: - Environments: .env
2026-05-26 11:26:32 +07:00: ✓ Ready in 430ms
2026-05-26 11:26:33 +07:00: [?25h
2026-05-26 11:26:33 +07:00: 
2026-05-26 11:26:33 +07:00: 
2026-05-26 11:26:33 +07:00: > darsi-nurse@0.1.0 dev
2026-05-26 11:26:33 +07:00: > next dev -p 6767 -H 0.0.0.0
2026-05-26 11:26:33 +07:00: 
2026-05-26 11:26:34 +07:00: ▲ Next.js 16.2.3 (Turbopack)
2026-05-26 11:26:34 +07:00: - Local:         http://localhost:6767
2026-05-26 11:26:34 +07:00: - Network:       http://0.0.0.0:6767
2026-05-26 11:26:34 +07:00: - Environments: .env
2026-05-26 11:26:34 +07:00: ✓ Ready in 432ms
2026-05-26 11:26:35 +07:00: [?25h
2026-05-26 11:26:35 +07:00: 
2026-05-26 11:26:35 +07:00: 
2026-05-26 11:26:35 +07:00: > darsi-nurse@0.1.0 dev
2026-05-26 11:26:35 +07:00: > next dev -p 6767 -H 0.0.0.0
2026-05-26 11:26:35 +07:00: 
2026-05-26 11:26:36 +07:00: ▲ Next.js 16.2.3 (Turbopack)
2026-05-26 11:26:36 +07:00: - Local:         http://localhost:6767
2026-05-26 11:26:36 +07:00: - Network:       http://0.0.0.0:6767
2026-05-26 11:26:36 +07:00: - Environments: .env
2026-05-26 11:26:36 +07:00: ✓ Ready in 445ms
2026-05-26 11:26:37 +07:00: [?25h
2026-05-26 11:26:37 +07:00: 
2026-05-26 11:26:37 +07:00: 
2026-05-26 11:26:37 +07:00: > darsi-nurse@0.1.0 dev
2026-05-26 11:26:37 +07:00: > next dev -p 6767 -H 0.0.0.0
2026-05-26 11:26:37 +07:00: 
2026-05-26 11:26:38 +07:00: ▲ Next.js 16.2.3 (Turbopack)
2026-05-26 11:26:38 +07:00: - Local:         http://localhost:6767
2026-05-26 11:26:38 +07:00: - Network:       http://0.0.0.0:6767
2026-05-26 11:26:38 +07:00: - Environments: .env
2026-05-26 11:26:38 +07:00: ✓ Ready in 429ms
2026-05-26 11:26:39 +07:00: [?25h
2026-05-26 11:26:39 +07:00: 
2026-05-26 11:26:39 +07:00: 
2026-05-26 11:26:39 +07:00: > darsi-nurse@0.1.0 dev
2026-05-26 11:26:39 +07:00: > next dev -p 6767 -H 0.0.0.0
2026-05-26 11:26:39 +07:00: 
2026-05-26 11:26:40 +07:00: ▲ Next.js 16.2.3 (Turbopack)
2026-05-26 11:26:40 +07:00: - Local:         http://localhost:6767
2026-05-26 11:26:40 +07:00: - Network:       http://0.0.0.0:6767
2026-05-26 11:26:40 +07:00: - Environments: .env
2026-05-26 11:26:40 +07:00: ✓ Ready in 432ms
2026-05-26 11:26:41 +07:00: [?25h
2026-05-26 11:26:41 +07:00: 
2026-05-26 11:26:41 +07:00: 
2026-05-26 11:26:41 +07:00: > darsi-nurse@0.1.0 dev
2026-05-26 11:26:41 +07:00: > next dev -p 6767 -H 0.0.0.0
2026-05-26 11:26:41 +07:00: 
2026-05-26 11:26:42 +07:00: ▲ Next.js 16.2.3 (Turbopack)
2026-05-26 11:26:42 +07:00: - Local:         http://localhost:6767
2026-05-26 11:26:42 +07:00: - Network:       http://0.0.0.0:6767
2026-05-26 11:26:42 +07:00: - Environments: .env
2026-05-26 11:26:42 +07:00: ✓ Ready in 438ms
2026-05-26 11:26:43 +07:00: [?25h
2026-05-26 11:26:43 +07:00: 
2026-05-26 11:26:43 +07:00: 
2026-05-26 11:26:43 +07:00: > darsi-nurse@0.1.0 dev
2026-05-26 11:26:43 +07:00: > next dev -p 6767 -H 0.0.0.0
2026-05-26 11:26:43 +07:00: 
2026-05-26 11:26:44 +07:00: ▲ Next.js 16.2.3 (Turbopack)
2026-05-26 11:26:44 +07:00: - Local:         http://localhost:6767
2026-05-26 11:26:44 +07:00: - Network:       http://0.0.0.0:6767
2026-05-26 11:26:44 +07:00: - Environments: .env
2026-05-26 11:26:44 +07:00: ✓ Ready in 450ms
2026-05-26 11:26:45 +07:00: [?25h
2026-05-26 11:26:45 +07:00: 
2026-06-02 15:53:45 +07:00: 
2026-06-02 15:53:45 +07:00: > darsi-nurse@0.1.0 dev
2026-06-02 15:53:45 +07:00: > next dev -p 6767 -H 0.0.0.0
2026-06-02 15:53:45 +07:00: 
2026-06-02 15:53:45 +07:00: ▲ Next.js 16.2.3 (Turbopack)
2026-06-02 15:53:45 +07:00: - Local:         http://localhost:6767
2026-06-02 15:53:45 +07:00: - Network:       http://0.0.0.0:6767
2026-06-02 15:53:45 +07:00: - Environments: .env
2026-06-02 15:53:45 +07:00: ✓ Ready in 531ms
2026-06-02 15:53:47 +07:00: [?25h
2026-06-02 15:53:47 +07:00: 
2026-06-02 15:53:47 +07:00: 
2026-06-02 15:53:47 +07:00: > darsi-nurse@0.1.0 dev
2026-06-02 15:53:47 +07:00: > next dev -p 6767 -H 0.0.0.0
2026-06-02 15:53:47 +07:00: 
2026-06-02 15:53:48 +07:00: ▲ Next.js 16.2.3 (Turbopack)
2026-06-02 15:53:48 +07:00: - Local:         http://localhost:6767
2026-06-02 15:53:48 +07:00: - Network:       http://0.0.0.0:6767
2026-06-02 15:53:48 +07:00: - Environments: .env
2026-06-02 15:53:48 +07:00: ✓ Ready in 572ms
2026-06-02 15:53:49 +07:00: [?25h
2026-06-02 15:53:49 +07:00: 
2026-06-02 15:53:50 +07:00: 
2026-06-02 15:53:50 +07:00: > darsi-nurse@0.1.0 dev
2026-06-02 15:53:50 +07:00: > next dev -p 6767 -H 0.0.0.0
2026-06-02 15:53:50 +07:00: 
2026-06-02 15:53:50 +07:00: ▲ Next.js 16.2.3 (Turbopack)
2026-06-02 15:53:50 +07:00: - Local:         http://localhost:6767
2026-06-02 15:53:50 +07:00: - Network:       http://0.0.0.0:6767
2026-06-02 15:53:50 +07:00: - Environments: .env
2026-06-02 15:53:50 +07:00: ✓ Ready in 553ms
2026-06-02 15:53:52 +07:00: [?25h
2026-06-02 15:53:52 +07:00: 
2026-06-02 15:53:52 +07:00: 
2026-06-02 15:53:52 +07:00: > darsi-nurse@0.1.0 dev
2026-06-02 15:53:52 +07:00: > next dev -p 6767 -H 0.0.0.0
2026-06-02 15:53:52 +07:00: 
2026-06-02 15:53:53 +07:00: ▲ Next.js 16.2.3 (Turbopack)
2026-06-02 15:53:53 +07:00: - Local:         http://localhost:6767
2026-06-02 15:53:53 +07:00: - Network:       http://0.0.0.0:6767
2026-06-02 15:53:53 +07:00: - Environments: .env
2026-06-02 15:53:53 +07:00: ✓ Ready in 530ms
2026-06-02 15:53:54 +07:00: [?25h
2026-06-02 15:53:54 +07:00: 
2026-06-02 15:53:55 +07:00: 
2026-06-02 15:53:55 +07:00: > darsi-nurse@0.1.0 dev
2026-06-02 15:53:55 +07:00: > next dev -p 6767 -H 0.0.0.0
2026-06-02 15:53:55 +07:00: 
2026-06-02 15:53:56 +07:00: ▲ Next.js 16.2.3 (Turbopack)
2026-06-02 15:53:56 +07:00: - Local:         http://localhost:6767
2026-06-02 15:53:56 +07:00: - Network:       http://0.0.0.0:6767
2026-06-02 15:53:56 +07:00: - Environments: .env
2026-06-02 15:53:56 +07:00: ✓ Ready in 534ms
2026-06-02 15:53:57 +07:00: [?25h
2026-06-02 15:53:57 +07:00: 
2026-06-02 15:53:57 +07:00: 
2026-06-02 15:53:57 +07:00: > darsi-nurse@0.1.0 dev
2026-06-02 15:53:57 +07:00: > next dev -p 6767 -H 0.0.0.0
2026-06-02 15:53:57 +07:00: 
2026-06-02 15:53:58 +07:00: ▲ Next.js 16.2.3 (Turbopack)
2026-06-02 15:53:58 +07:00: - Local:         http://localhost:6767
2026-06-02 15:53:58 +07:00: - Network:       http://0.0.0.0:6767
2026-06-02 15:53:58 +07:00: - Environments: .env
2026-06-02 15:53:58 +07:00: ✓ Ready in 568ms
2026-06-02 15:53:59 +07:00: [?25h
2026-06-02 15:53:59 +07:00: 
2026-06-02 15:54:00 +07:00: 
2026-06-02 15:54:00 +07:00: > darsi-nurse@0.1.0 dev
2026-06-02 15:54:00 +07:00: > next dev -p 6767 -H 0.0.0.0
2026-06-02 15:54:00 +07:00: 
2026-06-02 15:54:01 +07:00: ▲ Next.js 16.2.3 (Turbopack)
2026-06-02 15:54:01 +07:00: - Local:         http://localhost:6767
2026-06-02 15:54:01 +07:00: - Network:       http://0.0.0.0:6767
2026-06-02 15:54:01 +07:00: - Environments: .env
2026-06-02 15:54:01 +07:00: ✓ Ready in 539ms
2026-06-02 15:54:02 +07:00: [?25h
2026-06-02 15:54:02 +07:00: 
2026-06-02 15:54:02 +07:00: 
2026-06-02 15:54:02 +07:00: > darsi-nurse@0.1.0 dev
2026-06-02 15:54:02 +07:00: > next dev -p 6767 -H 0.0.0.0
2026-06-02 15:54:02 +07:00: 
2026-06-02 15:54:03 +07:00: ▲ Next.js 16.2.3 (Turbopack)
2026-06-02 15:54:03 +07:00: - Local:         http://localhost:6767
2026-06-02 15:54:03 +07:00: - Network:       http://0.0.0.0:6767
2026-06-02 15:54:03 +07:00: - Environments: .env
2026-06-02 15:54:03 +07:00: ✓ Ready in 519ms
2026-06-02 15:54:04 +07:00: [?25h
2026-06-02 15:54:04 +07:00: 
2026-06-02 15:54:05 +07:00: 
2026-06-02 15:54:05 +07:00: > darsi-nurse@0.1.0 dev
2026-06-02 15:54:05 +07:00: > next dev -p 6767 -H 0.0.0.0
2026-06-02 15:54:05 +07:00: 
2026-06-02 15:54:06 +07:00: ▲ Next.js 16.2.3 (Turbopack)
2026-06-02 15:54:06 +07:00: - Local:         http://localhost:6767
2026-06-02 15:54:06 +07:00: - Network:       http://0.0.0.0:6767
2026-06-02 15:54:06 +07:00: - Environments: .env
2026-06-02 15:54:06 +07:00: ✓ Ready in 561ms
2026-06-02 15:54:07 +07:00: [?25h
2026-06-02 15:54:07 +07:00: 
2026-06-02 15:54:07 +07:00: 
2026-06-02 15:54:07 +07:00: > darsi-nurse@0.1.0 dev
2026-06-02 15:54:07 +07:00: > next dev -p 6767 -H 0.0.0.0
2026-06-02 15:54:07 +07:00: 
2026-06-02 15:54:08 +07:00: ▲ Next.js 16.2.3 (Turbopack)
2026-06-02 15:54:08 +07:00: - Local:         http://localhost:6767
2026-06-02 15:54:08 +07:00: - Network:       http://0.0.0.0:6767
2026-06-02 15:54:08 +07:00: - Environments: .env
2026-06-02 15:54:08 +07:00: ✓ Ready in 533ms
2026-06-02 15:54:09 +07:00: [?25h
2026-06-02 15:54:09 +07:00: 
